

=== ERROR ===
Traceback (most recent call last):
  File "D:\github\metashape-scripts\postproc_orthomosaic_gui\tif_viewer_testhome_v3r7.py", line 1127, in main
    app = QApplication(sys.argv); w = MainWindow(); w.show(); sys.exit(app.exec())
                                      ^^^^^^^^^^^^
  File "D:\github\metashape-scripts\postproc_orthomosaic_gui\tif_viewer_testhome_v3r7.py", line 588, in __init__
    btn_open.clicked.connect(self.on_open)
                             ^^^^^^^^^^^^
AttributeError: 'MainWindow' object has no attribute 'on_open'

=== ERROR ===
Traceback (most recent call last):
  File "D:\github\metashape-scripts\postproc_orthomosaic_gui\tif_viewer_testhome_v3r7.py", line 1126, in main
    app = QApplication(sys.argv); w = MainWindow(); w.show(); sys.exit(app.exec())
                                      ^^^^^^^^^^^^
  File "D:\github\metashape-scripts\postproc_orthomosaic_gui\tif_viewer_testhome_v3r7.py", line 588, in __init__
    btn_open.clicked.connect(self.on_open)
                             ^^^^^^^^^^^^
AttributeError: 'MainWindow' object has no attribute 'on_open'

=== ERROR ===
Traceback (most recent call last):
  File "D:\github\metashape-scripts\postproc_orthomosaic_gui\tif_viewer_testhome_v3r7.py", line 1133, in main
    app = QApplication(sys.argv); w = MainWindow(); w.show(); sys.exit(app.exec())
                                      ^^^^^^^^^^^^
  File "D:\github\metashape-scripts\postproc_orthomosaic_gui\tif_viewer_testhome_v3r7.py", line 589, in __init__
    btn_crop.clicked.connect(self.on_crop)
                             ^^^^^^^^^^^^
AttributeError: 'MainWindow' object has no attribute 'on_crop'

=== ERROR ===
Traceback (most recent call last):
  File "D:\github\metashape-scripts\postproc_orthomosaic_gui\tif_viewer_testhome_v3r8.py", line 1215, in main
    app = QApplication(sys.argv); w = MainWindow(); w.show(); sys.exit(app.exec())
                                      ^^^^^^^^^^^^
  File "D:\github\metashape-scripts\postproc_orthomosaic_gui\tif_viewer_testhome_v3r8.py", line 602, in __init__
    self.cmb_cmap.setCurrentText(self.cmap_name); self.cmb_cmap.currentTextChanged.connect(self._on_cmap_changed)
                                                                                           ^^^^^^^^^^^^^^^^^^^^^
AttributeError: 'MainWindow' object has no attribute '_on_cmap_changed'. Did you mean: '_on_range_changed'?

=== ERROR ===
Traceback (most recent call last):
  File "D:\github\metashape-scripts\postproc_orthomosaic_gui\tif_viewer_testhome_v3r8.py", line 1215, in main
    app = QApplication(sys.argv); w = MainWindow(); w.show(); sys.exit(app.exec())
                                      ^^^^^^^^^^^^
  File "D:\github\metashape-scripts\postproc_orthomosaic_gui\tif_viewer_testhome_v3r8.py", line 602, in __init__
    self.cmb_cmap.setCurrentText(self.cmap_name); self.cmb_cmap.currentTextChanged.connect(self._on_cmap_changed)
                                                                                           ^^^^^^^^^^^^^^^^^^^^^
AttributeError: 'MainWindow' object has no attribute '_on_cmap_changed'. Did you mean: '_on_range_changed'?
